# OP_name            resname atom1 atom2  OP_mean OP_stddev OP_stem
#--------------------------------------------------------------------
gamma1_1             POPC    C1    H11    0.07195  0.43221  0.13668
gamma1_2             POPC    C1    H12   -0.01524  0.54314  0.17176
gamma1_3             POPC    C1    H13   -0.06100  0.41131  0.13007
gamma2_1             POPC    C2    H21    0.06899  0.46152  0.14595
gamma2_2             POPC    C2    H22    0.10722  0.42956  0.13584
gamma2_3             POPC    C2    H23   -0.18620  0.40600  0.12839
gamma3_1             POPC    C3    H31    0.02619  0.46977  0.14856
gamma3_2             POPC    C3    H32   -0.15354  0.39241  0.12409
gamma3_3             POPC    C3    H33    0.15162  0.41591  0.13152
beta1                POPC    C5    H51    0.17980  0.51776  0.16373
beta2                POPC    C5    H52   -0.18290  0.36212  0.11451
alpha1               POPC    C6    H61   -0.00006  0.44207  0.13980
alpha2               POPC    C6    H62    0.08568  0.35739  0.11302
g3_1                 POPC    C12   H121  -0.19112  0.29956  0.09473
g3_2                 POPC    C12   H122  -0.26903  0.31975  0.10112
g2_1                 POPC    C13   H131  -0.18032  0.30075  0.09511
g1_1                 POPC    C32   H321   0.11312  0.56929  0.18002
g1_2                 POPC    C32   H322   0.10458  0.42195  0.13343
palmitoyl_C2a        POPC    C36   H361  -0.05215  0.43201  0.13661
palmitoyl_C2b        POPC    C36   H362  -0.32485  0.20785  0.06573
palmitoyl_C3a        POPC    C37   H371  -0.13997  0.33239  0.10511
palmitoyl_C3b        POPC    C37   H372  -0.25426  0.23882  0.07552
palmitoyl_C4a        POPC    C38   H381  -0.20382  0.32011  0.10123
palmitoyl_C4b        POPC    C38   H382  -0.22223  0.27193  0.08599
palmitoyl_C5a        POPC    C39   H391  -0.31910  0.18467  0.05840
palmitoyl_C5b        POPC    C39   H392  -0.20649  0.27354  0.08650
palmitoyl_C6a        POPC    C40   H401  -0.28795  0.19451  0.06151
palmitoyl_C6b        POPC    C40   H402  -0.27816  0.22336  0.07063
palmitoyl_C7a        POPC    C41   H411  -0.26951  0.20496  0.06481
palmitoyl_C7b        POPC    C41   H412  -0.38290  0.10786  0.03411
palmitoyl_C8a        POPC    C42   H421  -0.17248  0.37633  0.11901
palmitoyl_C8b        POPC    C42   H422  -0.36731  0.17801  0.05629
palmitoyl_C9a        POPC    C43   H431  -0.14923  0.34164  0.10804
palmitoyl_C9b        POPC    C43   H432  -0.35224  0.22716  0.07183
palmitoyl_C10a       POPC    C44   H441  -0.24507  0.20125  0.06364
palmitoyl_C10b       POPC    C44   H442  -0.25588  0.32002  0.10120
palmitoyl_C11a       POPC    C45   H451  -0.17274  0.32373  0.10237
palmitoyl_C11b       POPC    C45   H452  -0.18382  0.31024  0.09811
palmitoyl_C12a       POPC    C46   H461  -0.08389  0.42874  0.13558
palmitoyl_C12b       POPC    C46   H462  -0.20177  0.27621  0.08735
palmitoyl_C13a       POPC    C47   H471  -0.16477  0.39502  0.12492
palmitoyl_C13b       POPC    C47   H472  -0.12449  0.42978  0.13591
palmitoyl_C14a       POPC    C48   H481  -0.32860  0.17799  0.05629
palmitoyl_C14b       POPC    C48   H482   0.06056  0.49040  0.15508
palmitoyl_C15a       POPC    C49   H491  -0.31802  0.19954  0.06310
palmitoyl_C15b       POPC    C49   H492   0.20936  0.42686  0.13499
palmitoyl_C16a       POPC    C50   H501   0.12479  0.58161  0.18392
palmitoyl_C16b       POPC    C50   H502  -0.31693  0.19770  0.06252
palmitoyl_C16c       POPC    C50   H503   0.21265  0.42328  0.13385
oleoyl_C2a           POPC    C17   H171  -0.18843  0.34927  0.11045
oleoyl_C2b           POPC    C17   H172  -0.29408  0.31229  0.09875
oleoyl_C3a           POPC    C18   H181  -0.16654  0.38414  0.12147
oleoyl_C3b           POPC    C18   H182  -0.23018  0.23825  0.07534
oleoyl_C4a           POPC    C19   H191  -0.08074  0.37116  0.11737
oleoyl_C4b           POPC    C19   H192  -0.16352  0.32772  0.10364
oleoyl_C5a           POPC    C20   H201  -0.22763  0.22808  0.07213
oleoyl_C5b           POPC    C20   H202  -0.22383  0.36288  0.11475
oleoyl_C6a           POPC    C21   H211  -0.16198  0.28472  0.09004
oleoyl_C6b           POPC    C21   H212  -0.22229  0.31980  0.10113
oleoyl_C7a           POPC    C22   H221  -0.13613  0.29949  0.09471
oleoyl_C7b           POPC    C22   H222  -0.22994  0.30010  0.09490
oleoyl_C8a           POPC    C23   H231   0.03309  0.42413  0.13412
oleoyl_C8b           POPC    C23   H232  -0.16136  0.43186  0.13656
oleoyl_C9a           POPC    C24   H241   0.02868  0.37307  0.11798
oleoyl_C10a          POPC    C25   H251  -0.27080  0.34211  0.10818
oleoyl_C11a          POPC    C26   H261  -0.05356  0.45850  0.14499
oleoyl_C11b          POPC    C26   H262  -0.05464  0.41436  0.13103
oleoyl_C12a          POPC    C27   H271  -0.01784  0.41960  0.13269
oleoyl_C12b          POPC    C27   H272  -0.02423  0.45760  0.14470
oleoyl_C13a          POPC    C28   H281  -0.13075  0.46126  0.14586
oleoyl_C13b          POPC    C28   H282  -0.15316  0.32120  0.10157
oleoyl_C14a          POPC    C29   H291  -0.23387  0.28454  0.08998
oleoyl_C14b          POPC    C29   H292  -0.11040  0.37821  0.11960
oleoyl_C15a          POPC    C30   H301  -0.14931  0.39998  0.12649
oleoyl_C15b          POPC    C30   H302  -0.07512  0.38059  0.12035
oleoyl_C16a          POPC    C31   H311  -0.24589  0.31581  0.09987
oleoyl_C16b          POPC    C31   H312   0.16330  0.51568  0.16307
oleoyl_C17a          POPC    CA1   HA11  -0.23870  0.28894  0.09137
oleoyl_C17b          POPC    CA1   HA12   0.21946  0.56372  0.17826
oleoyl_C18a          POPC    CA2   HA21  -0.02428  0.47842  0.15129
oleoyl_C18b          POPC    CA2   HA22  -0.23483  0.27955  0.08840
oleoyl_C18c          POPC    CA2   HA23   0.22306  0.55708  0.17616
